// Jest Snapshot v1, https://goo.gl/fbAQLP

exports[`Breadcrumbs renders Breadcrumbs component 1`] = `null`;
