// Jest Snapshot v1, https://goo.gl/fbAQLP

exports[`DrawerLinkList renders DrawerLinkList component 1`] = `
<nav
  aria-labelledby="nested-list-subheader"
  className="MuiList-root makeStyles-root-1 MuiList-padding MuiList-subheader"
>
  <div
    className="MuiListSubheader-root MuiListSubheader-sticky MuiListSubheader-gutters"
    id="nested-list-subheader"
  >
    World Surf Spots
  </div>
  <div>
    <div
      aria-disabled={false}
      className="MuiButtonBase-root MuiListItem-root MuiListItem-gutters MuiListItem-button"
      onBlur={[Function]}
      onClick={[Function]}
      onDragLeave={[Function]}
      onFocus={[Function]}
      onKeyDown={[Function]}
      onKeyUp={[Function]}
      onMouseDown={[Function]}
      onMouseLeave={[Function]}
      onMouseUp={[Function]}
      onTouchEnd={[Function]}
      onTouchMove={[Function]}
      onTouchStart={[Function]}
      role="button"
      tabIndex={0}
    >
      <div
        className="MuiListItemText-root"
      >
        <span
          className="MuiTypography-root MuiListItemText-primary MuiTypography-body1 MuiTypography-displayBlock"
        >
          Europe
        </span>
      </div>
      <svg
        aria-hidden={true}
        className="MuiSvgIcon-root"
        focusable="false"
        viewBox="0 0 24 24"
      >
        <path
          d="M16.59 8.59L12 13.17 7.41 8.59 6 10l6 6 6-6z"
        />
      </svg>
    </div>
  </div>
</nav>
`;
